Copyright 1986-2018 Xilinx, Inc. All Rights Reserved.
------------------------------------------------------------------------------------
| Tool Version : Vivado v.2018.1 (win64) Build 2188600 Wed Apr  4 18:40:38 MDT 2018
| Date         : Mon Jun 18 08:14:53 2018
| Host         : DESKTOP-EPHBFNF running 64-bit major release  (build 9200)
| Command      : report_control_sets -verbose -file main_control_sets_placed.rpt
| Design       : main
| Device       : xc7a50t
------------------------------------------------------------------------------------

Control Set Information

Table of Contents
-----------------
1. Summary
2. Histogram
3. Flip-Flop Distribution
4. Detailed Control Set Information

1. Summary
----------

+----------------------------------------------------------+-------+
|                          Status                          | Count |
+----------------------------------------------------------+-------+
| Number of unique control sets                            |     6 |
| Unused register locations in slices containing registers |    27 |
+----------------------------------------------------------+-------+


2. Histogram
------------

+--------+--------------+
| Fanout | Control Sets |
+--------+--------------+
|      1 |            1 |
|    16+ |            5 |
+--------+--------------+


3. Flip-Flop Distribution
-------------------------

+--------------+-----------------------+------------------------+-----------------+--------------+
| Clock Enable | Synchronous Set/Reset | Asynchronous Set/Reset | Total Registers | Total Slices |
+--------------+-----------------------+------------------------+-----------------+--------------+
| No           | No                    | No                     |              17 |            6 |
| No           | No                    | Yes                    |              23 |           13 |
| No           | Yes                   | No                     |              36 |           12 |
| Yes          | No                    | No                     |              16 |            8 |
| Yes          | No                    | Yes                    |               0 |            0 |
| Yes          | Yes                   | No                     |               1 |            1 |
+--------------+-----------------------+------------------------+-----------------+--------------+


4. Detailed Control Set Information
-----------------------------------

+------------------------+---------------+----------------------------+------------------+----------------+
|      Clock Signal      | Enable Signal |      Set/Reset Signal      | Slice Load Count | Bel Load Count |
+------------------------+---------------+----------------------------+------------------+----------------+
|  clk_wiz/inst/clk_out1 | adc/n_cnv     | debounce/reset             |                1 |              1 |
|  clk_wiz/inst/clk_out1 | adc/sync/E[0] |                            |                8 |             16 |
|  adc/adc_done          |               | debounce/reset             |               10 |             16 |
|  clk_wiz/inst/clk_out1 |               |                            |                6 |             17 |
|  clk_wiz/inst/clk_out1 |               | debounce/reset             |                8 |             18 |
|  clk_wiz/inst/clk_out1 |               | debounce/PB_cnt[0]_i_1_n_0 |                7 |             25 |
+------------------------+---------------+----------------------------+------------------+----------------+


